707ca16d9d0efd925cdf7e5f2586c7ca6446ad739a0ecce22d3cb967dc557edb