ba3cc6aeaef5d4c559acbd3a92e7a2512a72674c3e98aaf44256eb1c951a1a29