67fe128c47c16737fbb0c675a866a07bea3921715953b2c191ac282b1100b747