436d4c69b1d120315c7b073f564ae07568fd7d3ead0be3df9e90a702793ad107