ea2ca85b60271c877f45067de8c7786bbb5317447e127fbf011cc888e47c264e