cfb87e685ad0569f92eb2ac7d0f121dd62e3eb4e0a82f559ccf402887461d7aa