dc962993b42725a3fbfcb0e38557a663b610e5033e6e2a31dcb8a2e87a5b9117