01814090d495860a7ab39054f57b32197661e4d5ba1b9573c12cc0edeecb75a8