030b97f6f854c270126aa3cc7ac5d541e77e42f984b61aef63b2bce183982310