6c0b0c42d438312a775084341f99547149b6a269ef4a24122b6f75b343802877