fb83946f47528e7df4d322ca1848616905d6e259e6db3cea26f906093ce519e0