aeb288aa36ad3121822a5d5858a851670292828dedfa1840fd986bbbd59235a8