673bb938cc3fabe0be55e98c6b8b80853168becc86b4fa102fc0c538879bf83a