53a367133fb8f3ca86ba772801ea62681414271da9582800dd56a62e9c6d7e5d