86e0cf4f3154fa006899acf64317930ebf08ca6d01113abfa35ccceed2961fcd