ad5dff8a422c9de7c3d02773aeed7b425d43501ee5c2d5d13064b6f1e1ed9dec