2eff179c8bab2441c2a6f115f5c313ece4a131c067b15e7fa23b58480341550d