402b946498422abb82133fa5998b97f93b08d66ee1f332154413886687d8e7e9