4d2d8e8e92a20255a38d167abd93b5e6843f7b2738cdfe11ce64bc662fcaa886