21a53c232671f21cd717a4c94274e2decdba2c916dde56e030f944fe92ae785e