5ec3023b14bb2a44c94e205d4edc0e366d187357d6661bbc699f73e014b0630b