60d6200ba331e3cff4b3255cb218569e387c571ee57761f6b3883b1283a937a2