aaa2d0c22b40d2f9b87d40ff24c37769240edba4902c50fa948e8ab6c9848f6f