46f09da7ea078bf0d630ec2e14a668f8144df5175ee1c19c9af367873047b482