6b550e20ab7b8a11912ca14171e39c76badf7fa161a01c83d817c789b84e45c3