f890b611cc83036b9c52dddf4eb2a02ccac5a73ae3ddcb34586406d7deba5a11