5393d513abcc88bd1cdbf03cff65d470285a906a43cf2e192ce0770fbceb933d