a03196c4878e0a585c54c0e75cabe069068d5e37b49f07ca95f5aeb6e3b1cf5b